// Jest Snapshot v1, https://goo.gl/fbAQLP

exports[`<Checkbox /> should render properly 1`] = `
<button
  aria-checked={false}
  aria-describedby=""
  checked={false}
  className="ms-Checkbox is-enabled css-33"
  id="checkbox-0"
  onBlur={[Function]}
  onClick={[Function]}
  onFocus={[Function]}
  role="checkbox"
  type="button"
>
  <label
    className="ms-Checkbox-label css-34"
    htmlFor="checkbox-0"
  >
    <div
      className="ms-Checkbox-checkbox css-35"
    >
      <i
        aria-hidden={true}
        className="root-38"
        data-icon-name="CheckMark"
        role="presentation"
      />
    </div>
    <span
      className="ms-Checkbox-text css-37"
    >
      Custom Label
    </span>
  </label>
</button>
`;
