// Jest Snapshot v1, https://goo.gl/fbAQLP

exports[`<TextField /> <TextField /> should render properly 1`] = `
<div
  className="ms-Fabric root-33"
>
  <div
    className="ms-TextField root"
  >
    <div
      className="ms-TextField-wrapper wrapper"
    >
      <div
        className="ms-TextField-fieldGroup fieldGroup"
      >
        <input
          aria-describedby={undefined}
          aria-invalid={false}
          aria-label={undefined}
          className="ms-TextField-field field input "
          disabled={undefined}
          id="TextField0"
          onBlur={[Function]}
          onChange={[Function]}
          onFocus={[Function]}
          onInput={[Function]}
          placeholder={undefined}
          type="text"
          value=""
        />
      </div>
    </div>
  </div>
</div>
`;
