// Jest Snapshot v1, https://goo.gl/fbAQLP

exports[`<Stepper /> should render properly 1`] = `
<div
  style={
    Object {
      "alignContent": "center",
      "alignItems": "center",
      "display": "flex",
      "flexDirection": "row",
      "justifyContent": "space-between",
      "muiPrepared": true,
    }
  }
>
  <div
    style={
      Object {
        "flex": "0 0 auto",
        "muiPrepared": true,
      }
    }
  >
    <span
      disabled={undefined}
      style={
        Object {
          "alignItems": "center",
          "color": "rgba(0, 0, 0, 0.87)",
          "display": "flex",
          "fontFamily": "Roboto, sans-serif",
          "fontSize": 14,
          "height": 72,
          "muiPrepared": true,
          "paddingLeft": 14,
          "paddingRight": 14,
        }
      }
    >
      <span
        style={
          Object {
            "muiPrepared": true,
            "paddingRight": 8,
          }
        }
      >
        <svg
          onMouseEnter={[Function]}
          onMouseLeave={[Function]}
          style={
            Object {
              "color": "#1d5ab9",
              "display": "block",
              "fill": "#1d5ab9",
              "fontSize": 24,
              "height": 24,
              "muiPrepared": true,
              "transition": "all 450ms cubic-bezier(0.23, 1, 0.32, 1) 0ms",
              "userSelect": "none",
              "width": 24,
            }
          }
          viewBox="0 0 24 24"
        >
          <path
            d="M12 2C6.48 2 2 6.48 2 12s4.48 10 10 10 10-4.48 10-10S17.52 2 12 2zm-2 15l-5-5 1.41-1.41L10 14.17l7.59-7.59L19 8l-9 9z"
          />
        </svg>
      </span>
      Select campaign settings
    </span>
  </div>
  <div
    style={
      Object {
        "flex": "1 1 auto",
        "muiPrepared": true,
      }
    }
  >
    <span
      style={
        Object {
          "borderColor": "#bdbdbd",
          "borderTopStyle": "solid",
          "borderTopWidth": 1,
          "display": "block",
          "marginLeft": -6,
          "muiPrepared": true,
        }
      }
    />
  </div>
  <div
    style={
      Object {
        "flex": "0 0 auto",
        "marginLeft": -6,
        "muiPrepared": true,
      }
    }
  >
    <span
      disabled={undefined}
      style={
        Object {
          "alignItems": "center",
          "color": "rgba(0, 0, 0, 0.87)",
          "display": "flex",
          "fontFamily": "Roboto, sans-serif",
          "fontSize": 14,
          "fontWeight": 500,
          "height": 72,
          "muiPrepared": true,
          "paddingLeft": 14,
          "paddingRight": 14,
        }
      }
    >
      <span
        style={
          Object {
            "muiPrepared": true,
            "paddingRight": 8,
          }
        }
      >
        <svg
          onMouseEnter={[Function]}
          onMouseLeave={[Function]}
          style={
            Object {
              "color": "#1d5ab9",
              "display": "block",
              "fill": "#1d5ab9",
              "fontSize": 24,
              "height": 24,
              "muiPrepared": true,
              "transition": "all 450ms cubic-bezier(0.23, 1, 0.32, 1) 0ms",
              "userSelect": "none",
              "width": 24,
            }
          }
          viewBox="0 0 24 24"
        >
          <circle
            cx="12"
            cy="12"
            r="10"
          />
          <text
            fill="#fff"
            fontSize="12"
            textAnchor="middle"
            x="12"
            y="16"
          >
            2
          </text>
        </svg>
      </span>
      Create an ad group
    </span>
  </div>
  <div
    style={
      Object {
        "flex": "1 1 auto",
        "muiPrepared": true,
      }
    }
  >
    <span
      style={
        Object {
          "borderColor": "#bdbdbd",
          "borderTopStyle": "solid",
          "borderTopWidth": 1,
          "display": "block",
          "marginLeft": -6,
          "muiPrepared": true,
        }
      }
    />
  </div>
  <div
    style={
      Object {
        "flex": "0 0 auto",
        "marginLeft": -6,
        "muiPrepared": true,
      }
    }
  >
    <span
      disabled={true}
      style={
        Object {
          "alignItems": "center",
          "color": "rgba(0, 0, 0, 0.26)",
          "cursor": "default",
          "display": "flex",
          "fontFamily": "Roboto, sans-serif",
          "fontSize": 14,
          "height": 72,
          "muiPrepared": true,
          "paddingLeft": 14,
          "paddingRight": 14,
        }
      }
    >
      <span
        style={
          Object {
            "muiPrepared": true,
            "paddingRight": 8,
          }
        }
      >
        <svg
          onMouseEnter={[Function]}
          onMouseLeave={[Function]}
          style={
            Object {
              "color": "#9e9e9e",
              "display": "block",
              "fill": "#9e9e9e",
              "fontSize": 24,
              "height": 24,
              "muiPrepared": true,
              "transition": "all 450ms cubic-bezier(0.23, 1, 0.32, 1) 0ms",
              "userSelect": "none",
              "width": 24,
            }
          }
          viewBox="0 0 24 24"
        >
          <circle
            cx="12"
            cy="12"
            r="10"
          />
          <text
            fill="#fff"
            fontSize="12"
            textAnchor="middle"
            x="12"
            y="16"
          >
            3
          </text>
        </svg>
      </span>
      Create an ad
    </span>
  </div>
</div>
`;
