// Jest Snapshot v1, https://goo.gl/fbAQLP

exports[`<QuickFilters /> <QuickFilters /> renders properly 1`] = `
<div
  className="QuickFilters"
>
  <div
    className="QuickFilter active"
    data-tip={undefined}
    onClick={[Function]}
  >
    <div
      className="__react_component_tooltip place-top type-dark "
      data-id="tooltip"
    >
      
    </div>
    <div
      className="icon"
    >
      <svg
        onMouseEnter={[Function]}
        onMouseLeave={[Function]}
        style={
          Object {
            "color": "rgba(0, 0, 0, 0.87)",
            "display": "inline-block",
            "fill": "currentColor",
            "height": 24,
            "muiPrepared": true,
            "transition": "all 450ms cubic-bezier(0.23, 1, 0.32, 1) 0ms",
            "userSelect": "none",
            "width": 24,
          }
        }
        viewBox="0 0 24 24"
      >
        <path
          d="M18.92 6.01C18.72 5.42 18.16 5 17.5 5h-11c-.66 0-1.21.42-1.42 1.01L3 12v8c0 .55.45 1 1 1h1c.55 0 1-.45 1-1v-1h12v1c0 .55.45 1 1 1h1c.55 0 1-.45 1-1v-8l-2.08-5.99zM6.5 16c-.83 0-1.5-.67-1.5-1.5S5.67 13 6.5 13s1.5.67 1.5 1.5S7.33 16 6.5 16zm11 0c-.83 0-1.5-.67-1.5-1.5s.67-1.5 1.5-1.5 1.5.67 1.5 1.5-.67 1.5-1.5 1.5zM5 11l1.5-4.5h11L19 11H5z"
        />
      </svg>
    </div>
    <div
      className="count"
    >
      200
    </div>
  </div>
  <div
    className="QuickFilter"
    data-tip={undefined}
    onClick={[Function]}
  >
    <div
      className="__react_component_tooltip place-top type-dark "
      data-id="tooltip"
    >
      
    </div>
    <div
      className="icon"
    >
      <svg
        onMouseEnter={[Function]}
        onMouseLeave={[Function]}
        style={
          Object {
            "color": "rgba(0, 0, 0, 0.87)",
            "display": "inline-block",
            "fill": "currentColor",
            "height": 24,
            "muiPrepared": true,
            "transition": "all 450ms cubic-bezier(0.23, 1, 0.32, 1) 0ms",
            "userSelect": "none",
            "width": 24,
          }
        }
        viewBox="0 0 24 24"
      >
        <path
          d="M18.92 6.01C18.72 5.42 18.16 5 17.5 5h-11c-.66 0-1.21.42-1.42 1.01L3 12v8c0 .55.45 1 1 1h1c.55 0 1-.45 1-1v-1h12v1c0 .55.45 1 1 1h1c.55 0 1-.45 1-1v-8l-2.08-5.99zM6.5 16c-.83 0-1.5-.67-1.5-1.5S5.67 13 6.5 13s1.5.67 1.5 1.5S7.33 16 6.5 16zm11 0c-.83 0-1.5-.67-1.5-1.5s.67-1.5 1.5-1.5 1.5.67 1.5 1.5-.67 1.5-1.5 1.5zM5 11l1.5-4.5h11L19 11H5z"
        />
      </svg>
    </div>
    <div
      className="count"
    >
      200
    </div>
  </div>
</div>
`;
