// Jest Snapshot v1, https://goo.gl/fbAQLP

exports[`<AppBar /> <AppBar /> renders properly 1`] = `
<div
  className={undefined}
  style={
    Object {
      "WebkitTapHighlightColor": "rgba(0,0,0,0)",
      "backgroundColor": "#1d5ab9",
      "borderRadius": "0px",
      "boxShadow": "0 1px 6px rgba(0, 0, 0, 0.12),
         0 1px 4px rgba(0, 0, 0, 0.12)",
      "boxSizing": "border-box",
      "color": "rgba(0, 0, 0, 0.87)",
      "display": "flex",
      "fontFamily": "Roboto, sans-serif",
      "muiPrepared": true,
      "paddingLeft": 24,
      "paddingRight": 24,
      "position": "relative",
      "transition": "all 450ms cubic-bezier(0.23, 1, 0.32, 1) 0ms",
      "width": "100%",
      "zIndex": 1100,
    }
  }
>
  <div
    style={
      Object {
        "marginLeft": -16,
        "marginRight": 8,
        "marginTop": 8,
        "muiPrepared": true,
      }
    }
  >
    <div
      className="flex-grid"
    >
      <div
        className="appBarLeft"
      >
        <img
          alt="Copart"
          className="logo"
          src="./public/assets/images/logo.svg"
        />
        <span
          className="moduleName"
        >
          CAS Portal
        </span>
      </div>
    </div>
  </div>
  <h1
    onClick={[Function]}
    style={
      Object {
        "boxFlex": 1,
        "color": "#ffffff",
        "flex": "1",
        "fontSize": 24,
        "fontWeight": 400,
        "height": 64,
        "letterSpacing": 0,
        "lineHeight": "64px",
        "margin": 0,
        "muiPrepared": true,
        "overflow": "hidden",
        "paddingTop": 0,
        "textOverflow": "ellipsis",
        "whiteSpace": "nowrap",
      }
    }
  >
    
  </h1>
  <div
    style={
      Object {
        "marginLeft": "auto",
        "marginRight": "-14px",
        "marginTop": "14px",
        "muiPrepared": true,
      }
    }
  >
    <div
      className="flex-grid"
    >
      <div
        className="col element"
      />
      <div
        className="col"
      />
      <button
        aria-describedby={null}
        aria-label={undefined}
        aria-labelledby={null}
        aria-pressed={undefined}
        className="ms-Button ms-Button--default root-37"
        data-is-focusable={true}
        disabled={undefined}
        onClick={undefined}
        type="button"
      >
        <div
          className="ms-Button-flexContainer flexContainer-38"
        >
          <div
            className="ms-Button-textContainer textContainer-39"
          >
            <div
              className="ms-Button-label label-41"
              id="id__0"
            >
              Feedback
            </div>
          </div>
        </div>
      </button>
    </div>
  </div>
</div>
`;
