// Jest Snapshot v1, https://goo.gl/fbAQLP

exports[`<Table /> should render properly 1`] = `
<div
  style={
    Object {
      "height": "auto",
      "muiPrepared": true,
      "overflow": "auto",
    }
  }
>
  <div
    style={
      Object {
        "muiPrepared": true,
      }
    }
  >
    <table
      className={undefined}
      style={
        Object {
          "backgroundColor": "#ffffff",
          "borderCollapse": "collapse",
          "borderSpacing": 0,
          "fontFamily": "Roboto, sans-serif",
          "tableLayout": "fixed",
          "width": "100%",
        }
      }
    >
      <thead
        className={undefined}
        style={
          Object {
            "borderBottom": "1px solid #e0e0e0",
            "muiPrepared": true,
          }
        }
      >
        <tr
          className={undefined}
          style={
            Object {
              "borderBottom": "1px solid #e0e0e0",
              "color": "rgba(0, 0, 0, 0.87)",
              "height": 48,
              "muiPrepared": true,
            }
          }
        >
          <th
            className={undefined}
            onClick={[Function]}
            onMouseEnter={[Function]}
            onMouseLeave={[Function]}
            style={
              Object {
                "backgroundColor": "inherit",
                "color": "#9e9e9e",
                "cursor": "default",
                "fontSize": 12,
                "fontWeight": "normal",
                "height": 56,
                "muiPrepared": true,
                "paddingLeft": 24,
                "paddingRight": 24,
                "position": "relative",
                "textAlign": "left",
                "textOverflow": "ellipsis",
                "whiteSpace": "nowrap",
                "width": 24,
              }
            }
          />
          <th
            className={undefined}
            onClick={[Function]}
            onMouseEnter={[Function]}
            onMouseLeave={[Function]}
            style={
              Object {
                "backgroundColor": "inherit",
                "color": "#9e9e9e",
                "fontSize": 12,
                "fontWeight": "normal",
                "height": 56,
                "muiPrepared": true,
                "paddingLeft": 24,
                "paddingRight": 24,
                "position": "relative",
                "textAlign": "left",
                "textOverflow": "ellipsis",
                "whiteSpace": "nowrap",
              }
            }
          >
            ID
          </th>
          <th
            className={undefined}
            onClick={[Function]}
            onMouseEnter={[Function]}
            onMouseLeave={[Function]}
            style={
              Object {
                "backgroundColor": "inherit",
                "color": "#9e9e9e",
                "fontSize": 12,
                "fontWeight": "normal",
                "height": 56,
                "muiPrepared": true,
                "paddingLeft": 24,
                "paddingRight": 24,
                "position": "relative",
                "textAlign": "left",
                "textOverflow": "ellipsis",
                "whiteSpace": "nowrap",
              }
            }
          >
            Name
          </th>
          <th
            className={undefined}
            onClick={[Function]}
            onMouseEnter={[Function]}
            onMouseLeave={[Function]}
            style={
              Object {
                "backgroundColor": "inherit",
                "color": "#9e9e9e",
                "fontSize": 12,
                "fontWeight": "normal",
                "height": 56,
                "muiPrepared": true,
                "paddingLeft": 24,
                "paddingRight": 24,
                "position": "relative",
                "textAlign": "left",
                "textOverflow": "ellipsis",
                "whiteSpace": "nowrap",
              }
            }
          >
            Status
          </th>
        </tr>
      </thead>
    </table>
  </div>
  <div
    style={
      Object {
        "height": "inherit",
        "muiPrepared": true,
        "overflowX": "hidden",
        "overflowY": "auto",
      }
    }
  >
    <table
      className={undefined}
      style={
        Object {
          "backgroundColor": "#ffffff",
          "borderCollapse": "collapse",
          "borderSpacing": 0,
          "fontFamily": "Roboto, sans-serif",
          "tableLayout": "fixed",
          "width": "100%",
        }
      }
    >
      <tbody
        style={
          Object {
            "muiPrepared": true,
          }
        }
      >
        <tr
          className={undefined}
          style={
            Object {
              "borderBottom": "1px solid #e0e0e0",
              "color": "rgba(0, 0, 0, 0.87)",
              "height": 48,
              "muiPrepared": true,
            }
          }
        >
          <td
            className={undefined}
            onClick={[Function]}
            onMouseEnter={[Function]}
            onMouseLeave={[Function]}
            style={
              Object {
                "backgroundColor": "inherit",
                "fontSize": 13,
                "height": 48,
                "muiPrepared": true,
                "overflow": "hidden",
                "paddingLeft": 24,
                "paddingRight": 24,
                "textAlign": "left",
                "textOverflow": "ellipsis",
                "whiteSpace": "nowrap",
              }
            }
          >
            1
          </td>
          <td
            className={undefined}
            onClick={[Function]}
            onMouseEnter={[Function]}
            onMouseLeave={[Function]}
            style={
              Object {
                "backgroundColor": "inherit",
                "fontSize": 13,
                "height": 48,
                "muiPrepared": true,
                "overflow": "hidden",
                "paddingLeft": 24,
                "paddingRight": 24,
                "textAlign": "left",
                "textOverflow": "ellipsis",
                "whiteSpace": "nowrap",
              }
            }
          >
            John Smith
          </td>
          <td
            className={undefined}
            onClick={[Function]}
            onMouseEnter={[Function]}
            onMouseLeave={[Function]}
            style={
              Object {
                "backgroundColor": "inherit",
                "fontSize": 13,
                "height": 48,
                "muiPrepared": true,
                "overflow": "hidden",
                "paddingLeft": 24,
                "paddingRight": 24,
                "textAlign": "left",
                "textOverflow": "ellipsis",
                "whiteSpace": "nowrap",
              }
            }
          >
            Employed
          </td>
        </tr>
        <tr
          className={undefined}
          style={
            Object {
              "borderBottom": "1px solid #e0e0e0",
              "color": "rgba(0, 0, 0, 0.87)",
              "height": 48,
              "muiPrepared": true,
            }
          }
        >
          <td
            className={undefined}
            onClick={[Function]}
            onMouseEnter={[Function]}
            onMouseLeave={[Function]}
            style={
              Object {
                "backgroundColor": "inherit",
                "fontSize": 13,
                "height": 48,
                "muiPrepared": true,
                "overflow": "hidden",
                "paddingLeft": 24,
                "paddingRight": 24,
                "textAlign": "left",
                "textOverflow": "ellipsis",
                "whiteSpace": "nowrap",
              }
            }
          >
            2
          </td>
          <td
            className={undefined}
            onClick={[Function]}
            onMouseEnter={[Function]}
            onMouseLeave={[Function]}
            style={
              Object {
                "backgroundColor": "inherit",
                "fontSize": 13,
                "height": 48,
                "muiPrepared": true,
                "overflow": "hidden",
                "paddingLeft": 24,
                "paddingRight": 24,
                "textAlign": "left",
                "textOverflow": "ellipsis",
                "whiteSpace": "nowrap",
              }
            }
          >
            Randal White
          </td>
          <td
            className={undefined}
            onClick={[Function]}
            onMouseEnter={[Function]}
            onMouseLeave={[Function]}
            style={
              Object {
                "backgroundColor": "inherit",
                "fontSize": 13,
                "height": 48,
                "muiPrepared": true,
                "overflow": "hidden",
                "paddingLeft": 24,
                "paddingRight": 24,
                "textAlign": "left",
                "textOverflow": "ellipsis",
                "whiteSpace": "nowrap",
              }
            }
          >
            Unemployed
          </td>
        </tr>
        <tr
          className={undefined}
          style={
            Object {
              "borderBottom": "1px solid #e0e0e0",
              "color": "rgba(0, 0, 0, 0.87)",
              "height": 48,
              "muiPrepared": true,
            }
          }
        >
          <td
            className={undefined}
            onClick={[Function]}
            onMouseEnter={[Function]}
            onMouseLeave={[Function]}
            style={
              Object {
                "backgroundColor": "inherit",
                "fontSize": 13,
                "height": 48,
                "muiPrepared": true,
                "overflow": "hidden",
                "paddingLeft": 24,
                "paddingRight": 24,
                "textAlign": "left",
                "textOverflow": "ellipsis",
                "whiteSpace": "nowrap",
              }
            }
          >
            3
          </td>
          <td
            className={undefined}
            onClick={[Function]}
            onMouseEnter={[Function]}
            onMouseLeave={[Function]}
            style={
              Object {
                "backgroundColor": "inherit",
                "fontSize": 13,
                "height": 48,
                "muiPrepared": true,
                "overflow": "hidden",
                "paddingLeft": 24,
                "paddingRight": 24,
                "textAlign": "left",
                "textOverflow": "ellipsis",
                "whiteSpace": "nowrap",
              }
            }
          >
            Stephanie Sanders
          </td>
          <td
            className={undefined}
            onClick={[Function]}
            onMouseEnter={[Function]}
            onMouseLeave={[Function]}
            style={
              Object {
                "backgroundColor": "inherit",
                "fontSize": 13,
                "height": 48,
                "muiPrepared": true,
                "overflow": "hidden",
                "paddingLeft": 24,
                "paddingRight": 24,
                "textAlign": "left",
                "textOverflow": "ellipsis",
                "whiteSpace": "nowrap",
              }
            }
          >
            Employed
          </td>
        </tr>
        <tr
          className={undefined}
          style={
            Object {
              "borderBottom": false,
              "color": "rgba(0, 0, 0, 0.87)",
              "height": 48,
              "muiPrepared": true,
            }
          }
        >
          <td
            className={undefined}
            onClick={[Function]}
            onMouseEnter={[Function]}
            onMouseLeave={[Function]}
            style={
              Object {
                "backgroundColor": "inherit",
                "fontSize": 13,
                "height": 48,
                "muiPrepared": true,
                "overflow": "hidden",
                "paddingLeft": 24,
                "paddingRight": 24,
                "textAlign": "left",
                "textOverflow": "ellipsis",
                "whiteSpace": "nowrap",
              }
            }
          >
            4
          </td>
          <td
            className={undefined}
            onClick={[Function]}
            onMouseEnter={[Function]}
            onMouseLeave={[Function]}
            style={
              Object {
                "backgroundColor": "inherit",
                "fontSize": 13,
                "height": 48,
                "muiPrepared": true,
                "overflow": "hidden",
                "paddingLeft": 24,
                "paddingRight": 24,
                "textAlign": "left",
                "textOverflow": "ellipsis",
                "whiteSpace": "nowrap",
              }
            }
          >
            Steve Brown
          </td>
          <td
            className={undefined}
            onClick={[Function]}
            onMouseEnter={[Function]}
            onMouseLeave={[Function]}
            style={
              Object {
                "backgroundColor": "inherit",
                "fontSize": 13,
                "height": 48,
                "muiPrepared": true,
                "overflow": "hidden",
                "paddingLeft": 24,
                "paddingRight": 24,
                "textAlign": "left",
                "textOverflow": "ellipsis",
                "whiteSpace": "nowrap",
              }
            }
          >
            Employed
          </td>
        </tr>
      </tbody>
    </table>
  </div>
</div>
`;
