// Jest Snapshot v1, https://goo.gl/fbAQLP

exports[`<DialogBox /> should render properly 1`] = `
<div
  className="ms-Fabric css-36"
>
  <span
    className="ms-Layer"
  />
</div>
`;
