// Jest Snapshot v1, https://goo.gl/fbAQLP

exports[`<HierarchySelector /> should filter options available based on entered text 1`] = `
Array [
  Object {
    "display": <div
      className="hierarchyOption"
    >
      <span>
        Telangana
      </span>
    </div>,
    "hasChildren": false,
    "hierarchy": Object {
      "continent": "asia",
      "country": "india",
      "state": "telangana",
    },
    "id": "telangana",
    "label": "Telangana",
    "level": "state",
    "path": Array [
      "Asia",
      "India",
      "Telangana",
    ],
  },
  Object {
    "display": <div
      className="hierarchyOption"
    >
      <span>
        Texas
      </span>
    </div>,
    "hasChildren": false,
    "hierarchy": Object {
      "continent": "northAmerica",
      "country": "usa",
      "state": "texas",
    },
    "id": "texas",
    "label": "Texas",
    "level": "state",
    "path": Array [
      "North America",
      "USA",
      "Texas",
    ],
  },
]
`;

exports[`<HierarchySelector /> should render nested options properly 1`] = `
<div
  className="HierarchySelector"
>
  <div
    className={undefined}
  >
    <div
      className="ms-Fabric root-33"
    >
      <div
        className="ms-TextField root"
      >
        <div
          className="ms-TextField-wrapper wrapper"
        >
          <div
            className="ms-TextField-fieldGroup fieldGroup"
          >
            <input
              aria-describedby={undefined}
              aria-invalid={false}
              aria-label={undefined}
              autoComplete="off"
              className="ms-TextField-field field input "
              disabled={undefined}
              id="TextField0"
              name="AutoSelect Field-txtField"
              onBlur={[Function]}
              onChange={[Function]}
              onClick={[Function]}
              onFocus={[Function]}
              onInput={[Function]}
              onKeyDown={[Function]}
              placeholder={undefined}
              title="North America - USA - Texas"
              type="text"
              value="North America - USA - Texas"
              width={200}
            />
          </div>
        </div>
      </div>
    </div>
    <input
      data-uname={undefined}
      name="AutoSelect Field"
      type="hidden"
      value="North America - USA - Texas"
    />
  </div>
</div>
`;

exports[`<HierarchySelector /> should save selected value when value is selected from dropdown 1`] = `"Asia - India - Telangana"`;
