// Jest Snapshot v1, https://goo.gl/fbAQLP

exports[`<Loader /> should render properly 1`] = `
<div
  className="ms-Spinner spinner root-34"
>
  <div
    className="ms-Spinner-circle ms-Spinner--medium circle-35"
  />
</div>
`;
