// Jest Snapshot v1, https://goo.gl/fbAQLP

exports[`<ChoiceGroup /> should render properly 1`] = `
<div
  role="application"
>
  <div
    aria-labelledby="ChoiceGroup0-label "
    className="ms-ChoiceFieldGroup root"
    role="radiogroup"
  >
    <label
      className="ms-Label root-33"
      id="ChoiceGroup0-label"
      required={true}
    >
      Pick one
    </label>
    <div
      className="ms-ChoiceFieldGroup-flexContainer"
    >
      <div
        className="ms-ChoiceField choiceField"
      >
        <div
          className="ms-ChoiceField-wrapper choiceFieldWrapper"
        >
          <input
            aria-labelledby="ChoiceGroupLabel1-A"
            checked={false}
            className="ms-ChoiceField-input input"
            id="ChoiceGroup0-A"
            name="ChoiceGroup0"
            onBlur={[Function]}
            onChange={[Function]}
            onFocus={[Function]}
            required={true}
            type="radio"
          />
          <label
            className="ms-ChoiceField-field field"
            htmlFor="ChoiceGroup0-A"
          >
            <span
              className="ms-Label"
              id="ChoiceGroupLabel1-A"
            >
              Option A
            </span>
          </label>
        </div>
      </div>
      <div
        className="ms-ChoiceField choiceField"
      >
        <div
          className="ms-ChoiceField-wrapper choiceFieldWrapper"
        >
          <input
            aria-labelledby="ChoiceGroupLabel1-B"
            checked={true}
            className="ms-ChoiceField-input input"
            id="ChoiceGroup0-B"
            name="ChoiceGroup0"
            onBlur={[Function]}
            onChange={[Function]}
            onFocus={[Function]}
            required={true}
            type="radio"
          />
          <label
            className="ms-ChoiceField-field field is-checked fieldIsChecked"
            htmlFor="ChoiceGroup0-B"
          >
            <span
              className="ms-Label"
              id="ChoiceGroupLabel1-B"
            >
              Option B
            </span>
          </label>
        </div>
      </div>
      <div
        className="ms-ChoiceField choiceField"
      >
        <div
          className="ms-ChoiceField-wrapper choiceFieldWrapper"
        >
          <input
            aria-labelledby="ChoiceGroupLabel1-C"
            checked={false}
            className="ms-ChoiceField-input input"
            disabled={true}
            id="ChoiceGroup0-C"
            name="ChoiceGroup0"
            onBlur={[Function]}
            onChange={[Function]}
            onFocus={[Function]}
            required={true}
            type="radio"
          />
          <label
            className="ms-ChoiceField-field field is-disabled fieldIsDisabled"
            htmlFor="ChoiceGroup0-C"
          >
            <span
              className="ms-Label"
              id="ChoiceGroupLabel1-C"
            >
              Option C
            </span>
          </label>
        </div>
      </div>
      <div
        className="ms-ChoiceField choiceField"
      >
        <div
          className="ms-ChoiceField-wrapper choiceFieldWrapper"
        >
          <input
            aria-labelledby="ChoiceGroupLabel1-D"
            checked={false}
            className="ms-ChoiceField-input input"
            disabled={true}
            id="ChoiceGroup0-D"
            name="ChoiceGroup0"
            onBlur={[Function]}
            onChange={[Function]}
            onFocus={[Function]}
            required={true}
            type="radio"
          />
          <label
            className="ms-ChoiceField-field field is-disabled fieldIsDisabled"
            htmlFor="ChoiceGroup0-D"
          >
            <span
              className="ms-Label"
              id="ChoiceGroupLabel1-D"
            >
              Option D
            </span>
          </label>
        </div>
      </div>
    </div>
  </div>
</div>
`;
