// Jest Snapshot v1, https://goo.gl/fbAQLP

exports[`<Checkbox /> should render properly 1`] = `
<button
  aria-checked={false}
  aria-describedby={undefined}
  aria-disabled={undefined}
  aria-label={undefined}
  aria-labelledby={undefined}
  className="ms-Checkbox is-enabled css-32"
  disabled={undefined}
  id="checkbox-0"
  name={undefined}
  onBlur={[Function]}
  onClick={[Function]}
  onFocus={[Function]}
  role="checkbox"
  type="button"
>
  <label
    className="ms-Checkbox-label css-33"
    htmlFor="checkbox-0"
  >
    <div
      className="ms-Checkbox-checkbox css-34"
    >
      <i
        aria-hidden={true}
        aria-label={undefined}
        className="root-37 css-35"
        data-icon-name="CheckMark"
        role="presentation"
      />
    </div>
    <span
      className="ms-Checkbox-text css-36"
    >
      Custom Label
    </span>
  </label>
</button>
`;
