// Jest Snapshot v1, https://goo.gl/fbAQLP

exports[`<Toggle /> should render properly 1`] = `
<div
  className="EnhanceSwitch"
/>
`;
